<link rel="stylesheet" type="text/css" href="/typo3conf/ext/accelerator/Resources/Public/Tests/Fixtures/Global/screen.css" media="print" data-media="screen" onload="this.media=this.dataset.media; this.onload = null" />
<link rel="stylesheet" type="text/css" href="/typo3conf/ext/accelerator/Resources/Public/Tests/Fixtures/Global/all.css" media="print,speech" data-media="all" onload="this.media=this.dataset.media; this.onload = null" />
<link rel="stylesheet" type="text/css" href="/typo3conf/ext/accelerator/Resources/Public/Tests/Fixtures/Global/print.css" media="print" data-media="print" onload="this.media=this.dataset.media; this.onload = null" />